This is XeTeX, Version 3.141592653-2.6-0.999997 (TeX Live 2025) (preloaded format=xelatex 2025.3.18)  3 SEP 2026 19:56
entering extended mode
 \write18 enabled.
 %&-line parsing enabled.
**poster.tex
(/usr/local/texlive/2025/texmf-dist/tex/generic/poster-mac/poster.tex
LaTeX2e <2024-11-01> patch level 2
L3 programming layer <2025-01-18>
  v1.1  10/05/15  <tvz>
\@posterbox=\box52
\poster@savedbox=\box53
\poster@cropbox=\box54
)
*x

! LaTeX Error: Missing \begin{document}.

See the LaTeX manual or LaTeX Companion for explanation.
Type  H <return>  for immediate help.
 ...                                              
                                                  
<*> x
     
? x
 
Here is how much of TeX's memory you used:
 75 strings out of 473832
 1345 string characters out of 5729481
 386380 words of memory out of 5000000
 23240 multiletter control sequences out of 15000+600000
 558837 words of font info for 36 fonts, out of 8000000 for 9000
 1348 hyphenation exceptions out of 8191
 14i,0n,18p,90b,14s stack positions out of 10000i,1000n,20000p,200000b,200000s
No pages of output.
